Listing 'src'...
Listing 'src/biotech_rag_assistant'...
Compiling 'src/biotech_rag_assistant/__init__.py'...
Compiling 'src/biotech_rag_assistant/answer.py'...
Listing 'src/biotech_rag_assistant/api'...
Compiling 'src/biotech_rag_assistant/api/__init__.py'...
Compiling 'src/biotech_rag_assistant/api/app.py'...
Compiling 'src/biotech_rag_assistant/api/audit.py'...
Compiling 'src/biotech_rag_assistant/api/config.py'...
Compiling 'src/biotech_rag_assistant/api/review_routing.py'...
Compiling 'src/biotech_rag_assistant/api/schemas.py'...
Compiling 'src/biotech_rag_assistant/api/security.py'...
Listing 'src/biotech_rag_assistant/api/static'...
Compiling 'src/biotech_rag_assistant/api/webui.py'...
Compiling 'src/biotech_rag_assistant/chunking.py'...
Compiling 'src/biotech_rag_assistant/citation_spans.py'...
Compiling 'src/biotech_rag_assistant/citations.py'...
Compiling 'src/biotech_rag_assistant/cli.py'...
Compiling 'src/biotech_rag_assistant/corpus.py'...
Compiling 'src/biotech_rag_assistant/evaluation.py'...
Compiling 'src/biotech_rag_assistant/models.py'...
Compiling 'src/biotech_rag_assistant/onboarding.py'...
Compiling 'src/biotech_rag_assistant/retrieval.py'...
Listing 'src/biotech_rag_assistant.egg-info'...
